// Jest Snapshot v1, https://goo.gl/fbAQLP

exports[`LayoutHeader is rendered 1`] = `
<header
  className="LayoutHeader h-16"
>
  <div
    className="h-full .z-0 flex relative items-center"
  >
    <Component />
  </div>
</header>
`;
