// Jest Snapshot v1, https://goo.gl/fbAQLP

exports[`TitleLogo is rendered 1`] = `
<div
  className="flex ml-4 items-center"
>
  <img
    className="h-8 w-8"
    src="ivory-logo.png"
  />
  <span
    className="ml-2 text-2xl font-semibold"
  >
    Ivory
  </span>
</div>
`;
